loaded 210/210 puzzles of partition 'test'
benchmark: 210 puzzles from sealed partition 'test' of photo_splits.json | model smoke_gap_photo.pth | device cuda | mode recognition
benchmark mode:   RECOGNITION/SOLVER (ground-truth corners)
evaluated:        210/210 puzzles  [keypoints 210]
cells re-sensed:  5750 (constraint-guided re-sensing)
solver nodes:     mean 22649, max 400002  (node-limit hits: 19)
definite-cell acc: 11179/11414 (0.9794)
DIGIT acc (solved): 8659/8888 (0.9742)  <-- number-recognition headline
empty acc:         2520/2526 (0.9976)
exact grids:       174/210 (82.9%)  <-- definite cells only
no-duplicate grids:41/210 (19.5%)  (recognized full grid)
solve rate:        36/210 (17.1%)  (valid sudoku, bounded correction)
gt-preserving:     1/210 (0.5%)  (valid AND keeps all GT definite clues)
candidate-only cells read as digits: 5085/5596 (potential false clues, ignored by exact)
oracle (candidate cells emptied): 1/164 of the failed puzzles solve GT-preserving (diagnostic, not a metric)
per-digit accuracy on solved cells: {1: 0.974, 2: 0.969, 3: 0.973, 4: 0.987, 5: 0.985, 6: 0.977, 7: 0.962, 8: 0.961, 9: 0.981}
wrong-cell confidence: n=235  Case A (conf<0.5): 57  Case B (conf>0.9): 59
position accuracy (%):
           c1     c2     c3     c4     c5     c6     c7     c8     c9
r1       97%    99%    97%    99%   100%    99%    99%    98%    99%
r2       95%    98%   100%    97%    99%    99%    99%    99%    99%
r3       98%    96%    98%    97%    97%    99%    98%    99%    99%
r4       99%    99%    98%    97%    96%    98%    97%    99%    98%
r5       97%    98%    94%    99%    99%    98%    97%    99%    99%
r6       99%    98%    96%    98%    97%    98%    98%    99%    96%
r7       99%    99%    96%    98%    99%    99%    99%    99%    99%
r8       99%    96%    96%    98%    97%    95%    98%    99%    99%
r9       98%    96%    96%    97%    99%    98%    98%    99%    96%
position sample count:
           c1     c2     c3     c4     c5     c6     c7     c8     c9
r1       148    144    149    141    139    152    155    135    143
r2       132    131    142    145    136    144    135    143    149
r3       127    134    127    148    144    142    145    140    135
r4       146    140    136    143    135    148    150    136    154
r5       135    135    130    139    142    147    132    134    144
r6       138    152    138    141    151    147    135    152    135
r7       143    136    137    151    155    136    150    148    136
r8       141    135    129    142    128    155    140    135    146
r9       142    137    141    140    124    147    146    136    138

00ijckeb5qdc1.webp | definite-cell acc 1.0000 | solved: False
ground truth (candidate-only cells shown as .):
5 4 1 7 6 8 2 3 9
. 7 . 4 3 9 5 6 1
6 9 3 1 . . 4 7 8
1 3 . 9 8 . 7 . 6
9 . 7 6 . 1 8 . 3
. 8 6 3 . 7 9 1 .
. . . . 1 6 3 9 7
3 1 9 . 7 4 6 8 .
7 6 . 8 9 3 1 . .
recognized (wrong cells marked *):
5  4  1  7  6  8  2  3  9 
2  7  2  4  3  9  5  6  1 
6  9  3  1  5  5  4  7  8 
1  3  5  9  8  5  7  5  6 
9  5  7  6  5  1  8  5  3 
5  8  6  3  5  7  9  1  5 
9  5  9  5  1  6  3  9  7 
3  1  9  5  7  4  6  8  5 
7  6  5  8  9  3  1  5  5 

0eqjbrpfp5dc1.webp | definite-cell acc 1.0000 | solved: False
ground truth (candidate-only cells shown as .):
0 0 4 6 0 9 0 8 0
0 0 0 0 3 0 5 7 .
0 0 3 0 0 0 0 4 6
0 0 2 0 0 0 0 0 0
0 0 0 8 0 0 1 3 5
6 0 0 1 0 0 4 2 .
0 0 0 0 5 1 8 . 2
0 9 0 0 0 0 0 . .
0 0 8 0 7 0 0 5 .
recognized (wrong cells marked *):
0  0  4  6  0  9  0  8  0 
0  0  0  0  3  0  5  7  0 
0  0  3  0  0  0  0  4  6 
0  0  2  0  0  0  0  0  0 
0  0  0  8  0  0  1  3  5 
6  0  0  1  0  0  4  2  8 
0  0  0  0  5  1  8  1  2 
0  9  0  0  0  0  0  0  0 
0  0  8  0  7  0  0  5  0 

saved figure to bench_gap_photo_recognition.png
