loaded 210/210 puzzles of partition 'test'
benchmark: 210 puzzles from sealed partition 'test' of photo_splits.json | model smoke_gap_photo.pth | device cuda | mode e2e
benchmark mode:   END-TO-END (auto grid detection)
evaluated:        184/210 puzzles  [contour 183, lines 1, failed 26]
grid detection:   184/210 (87.6%)
cells re-sensed:  5161 (constraint-guided re-sensing)
solver nodes:     mean 25468, max 400002  (node-limit hits: 17)
definite-cell acc: 9192/10007 (0.9186)
DIGIT acc (solved): 6972/7702 (0.9052)  <-- number-recognition headline
empty acc:         2220/2305 (0.9631)
exact grids:       127/184 (69.0%)  <-- definite cells only
no-duplicate grids:31/184 (16.8%)  (recognized full grid)
solve rate:        27/184 (14.7%)  (valid sudoku, bounded correction)
gt-preserving:     1/184 (0.5%)  (valid AND keeps all GT definite clues)
candidate-only cells read as digits: 4349/4897 (potential false clues, ignored by exact)
oracle (candidate cells emptied): 0/143 of the failed puzzles solve GT-preserving (diagnostic, not a metric)
per-digit accuracy on solved cells: {1: 0.917, 2: 0.892, 3: 0.88, 4: 0.928, 5: 0.94, 6: 0.895, 7: 0.873, 8: 0.898, 9: 0.924}
wrong-cell confidence: n=815  Case A (conf<0.5): 214  Case B (conf>0.9): 228
position accuracy (%):
           c1     c2     c3     c4     c5     c6     c7     c8     c9
r1       90%    91%    88%    91%    94%    92%    93%    93%    91%
r2       95%    94%    94%    92%    93%    94%    92%    94%    92%
r3       94%    93%    93%    93%    94%    96%    93%    93%    91%
r4       95%    95%    92%    92%    92%    94%    88%    92%    93%
r5       91%    92%    92%    94%    94%    93%    92%    95%    94%
r6       90%    95%    89%    90%    93%    92%    91%    93%    88%
r7       93%    96%    94%    91%    94%    91%    87%    92%    90%
r8       94%    92%    89%    94%    89%    91%    89%    87%    88%
r9       92%    92%    91%    88%    93%    87%    86%    90%    84%
position sample count:
           c1     c2     c3     c4     c5     c6     c7     c8     c9
r1       129    129    133    127    122    135    134    117    128
r2       115    115    122    125    122    124    118    125    131
r3       112    120    112    130    126    126    129    123    121
r4       131    122    121    121    120    131    134    119    137
r5       121    121    118    124    127    128    115    117    124
r6       122    131    122    123    130    130    119    134    121
r7       123    116    122    129    137    119    131    129    117
r8       124    118    112    125    105    137    123    117    126
r9       120    119    122    119    108    129    127    121    119

0eqjbrpfp5dc1.webp | definite-cell acc 1.0000 | solved: True
ground truth (candidate-only cells shown as .):
0 0 4 6 0 9 0 8 0
0 0 0 0 3 0 5 7 .
0 0 3 0 0 0 0 4 6
0 0 2 0 0 0 0 0 0
0 0 0 8 0 0 1 3 5
6 0 0 1 0 0 4 2 .
0 0 0 0 5 1 8 . 2
0 9 0 0 0 0 0 . .
0 0 8 0 7 0 0 5 .
recognized (wrong cells marked *):
0  0  4  6  0  9  0  8  0 
0  0  0  0  3  0  5  7  0 
0  0  3  0  0  0  0  4  6 
0  0  2  0  0  0  0  0  0 
0  0  0  8  0  0  1  3  5 
6  0  0  1  0  0  4  2  8 
0  0  0  0  5  1  8  0  2 
0  9  0  0  0  0  0  0  0 
0  0  8  0  7  0  0  5  0 

0h7cdk1z19ec1.webp | definite-cell acc 1.0000 | solved: False
ground truth (candidate-only cells shown as .):
. 9 . 5 . . . . 8
. 3 5 . . . . . .
7 1 8 . 9 . 5 . 6
. . . . 5 . 3 . .
3 . 1 7 . . 2 . .
8 . . . 4 . 1 6 .
5 . . . . . . . .
1 . . . 7 5 . . 4
9 . . . . 2 8 5 .
recognized (wrong cells marked *):
6  9  6  5  7  1  1  1  8 
6  3  5  2  6  3  6  1  1 
7  1  8  1  9  0  5  5  6 
4  4  3  3  5  3  3  1  1 
3  2  1  7  5  3  2  1  2 
8  1  1  1  4  1  1  6  6 
5  3  3  3  1  3  1  6  6 
1  2  2  3  7  5  3  6  4 
9  1  0  1  1  2  8  5  1 

saved figure to bench_gap_photo_e2e.png
