device: cuda
generating empty cells (class 0)...

  0%|          | 0.00/9.91M [00:00<?, ?B/s]
  0%|          | 32.8k/9.91M [00:00<01:54, 86.4kB/s]
  1%|          | 98.3k/9.91M [00:00<00:55, 178kB/s] 
  2%|1         | 197k/9.91M [00:00<00:33, 287kB/s] 
  4%|3         | 393k/9.91M [00:00<00:17, 550kB/s]
  8%|7         | 786k/9.91M [00:01<00:09, 1.01MB/s]
 16%|#5        | 1.54M/9.91M [00:01<00:04, 1.88MB/s]
 31%|###1      | 3.11M/9.91M [00:01<00:01, 3.73MB/s]
 63%|######2   | 6.23M/9.91M [00:01<00:00, 7.28MB/s]
100%|##########| 9.91M/9.91M [00:01<00:00, 5.18MB/s]

  0%|          | 0.00/28.9k [00:00<?, ?B/s]
100%|##########| 28.9k/28.9k [00:00<00:00, 140kB/s]
100%|##########| 28.9k/28.9k [00:00<00:00, 140kB/s]

  0%|          | 0.00/1.65M [00:00<?, ?B/s]
  2%|1         | 32.8k/1.65M [00:00<00:10, 157kB/s]
  6%|5         | 98.3k/1.65M [00:00<00:06, 248kB/s]
 10%|9         | 164k/1.65M [00:00<00:05, 277kB/s] 
 16%|#5        | 262k/1.65M [00:00<00:03, 351kB/s]
 32%|###1      | 524k/1.65M [00:01<00:01, 671kB/s]
 64%|######3   | 1.05M/1.65M [00:01<00:00, 1.28MB/s]
100%|##########| 1.65M/1.65M [00:01<00:00, 1.29MB/s]

  0%|          | 0.00/4.54k [00:00<?, ?B/s]
100%|##########| 4.54k/4.54k [00:00<00:00, 8.91MB/s]
total 5900 | empty 500 | synth 1800 | mnist 1800 | emnist 1800
official test set: mnist 1800 | emnist 450
split -> train 5015 | val 885
epoch 1/1  train acc 0.6303 | val agg 0.0847 | score 0.2500 | emnist=0.000 empty=1.000 mnist=0.000 synth=0.000
saved BEST epoch (score 0.2500) to digit_cnn_infra_smoke.pth

official test accuracy: 0.0000 (MNIST/EMNIST test splits - independent of training)
  emnist   : 0.0000 (450 samples)
  mnist    : 0.0000 (1800 samples)
